Microsoft Windows [Version 10.0.26100.3476]
(c) Microsoft Corporation. All rights reserved.

C:\Users\ricky>winget install --id Typst.Typst
Found Typst [Typst.Typst] Version 0.13.1
This application is licensed to you by its owner.
Microsoft is not responsible for, nor does it grant any licenses to, third-party packages.
This package requires the following dependencies:
  - Packages
      Microsoft.VCRedist.2015+.x64
Downloading https://github.com/typst/typst/releases/download/v0.13.1/typst-x86_64-pc-windows-msvc.zip
  ██████████████████████████████  16.4 MB / 16.4 MB
Successfully verified installer hash
Extracting archive...
Successfully extracted archive
Starting package install...
Command line alias added: "typst"
Successfully installed

C:\Users\ricky>cd Workspace-loc\Repos\Pers

C:\Users\ricky\Workspace-loc\Repos\Pers>mkdir -p doc_TypstTest

C:\Users\ricky\Workspace-loc\Repos\Pers>cd doc_TypstTest

C:\Users\ricky\Workspace-loc\Repos\Pers\doc_TypstTest>code -n .

C:\Users\ricky\Workspace-loc\Repos\Pers\doc_TypstTest>typst help
Typst 0.13.1 (8ace67d9)

Usage: typst [OPTIONS] <COMMAND>

Commands:
  compile  Compiles an input file into a supported output format [aliases: c]
  watch    Watches an input file and recompiles on changes [aliases: w]
  init     Initializes a new project from a template
  query    Processes an input file to extract provided metadata
  fonts    Lists all discovered fonts in system and custom font paths
  update   Self update the Typst CLI
  help     Print this message or the help of the given subcommand(s)

Options:
      --color <COLOR>  Whether to use color. When set to `auto` if the terminal
                       to supports it [default: auto] [possible values: auto,
                       always, never]
      --cert <CERT>    Path to a custom CA certificate to use when making
                       network requests [env: TYPST_CERT=]
  -h, --help           Print help
  -V, --version        Print version

Resources:
  Tutorial:                 https://typst.app/docs/tutorial/
  Reference documentation:  https://typst.app/docs/reference/
  Templates & Packages:     https://typst.app/universe/
  Forum for questions:      https://forum.typst.app/

C:\Users\ricky\Workspace-loc\Repos\Pers\doc_TypstTest>typst init
error: the following required arguments were not provided:
  <TEMPLATE>

Usage: typst init <TEMPLATE> [DIR]

For more information, try '--help'.

C:\Users\ricky\Workspace-loc\Repos\Pers\doc_TypstTest>typst init -h
Initializes a new project from a template

Usage: typst init [OPTIONS] <TEMPLATE> [DIR]

Arguments:
  <TEMPLATE>  The template to use, e.g. `@preview/charged-ieee`
  [DIR]       The project directory, defaults to the template's name

Options:
      --package-path <DIR>
          Custom path to local packages, defaults to system-dependent location
          [env: TYPST_PACKAGE_PATH=]
      --package-cache-path <DIR>
          Custom path to package cache, defaults to system-dependent location
          [env: TYPST_PACKAGE_CACHE_PATH=]
  -h, --help
          Print help (see more with '--help')

C:\Users\ricky\Workspace-loc\Repos\Pers\doc_TypstTest>typst init @preview/charged-ieee`
error: `charged-ieee`` is not a valid package name

C:\Users\ricky\Workspace-loc\Repos\Pers\doc_TypstTest>typst init @preview/charged-ieee
downloading @preview/charged-ieee:0.1.3
  6.2 KiB /   6.2 KiB (100 %)   6.2 KiB/s in 14.8 µs ETA: 0 s

Successfully created new project from @preview/charged-ieee:0.1.3 🎉
To start writing, run:
> cd charged-ieee
> typst watch main.typ


C:\Users\ricky\Workspace-loc\Repos\Pers\doc_TypstTest>cd charged-ieee

C:\Users\ricky\Workspace-loc\Repos\Pers\doc_TypstTest\charged-ieee>typst watch
error: the following required arguments were not provided:
  <INPUT>

Usage: typst watch <INPUT> [OUTPUT]

For more information, try '--help'.

C:\Users\ricky\Workspace-loc\Repos\Pers\doc_TypstTest\charged-ieee>typst help watch
Watches an input file and recompiles on changes

Usage: typst watch [OPTIONS] <INPUT> [OUTPUT]

Arguments:
  <INPUT>
          Path to input Typst file. Use `-` to read input from stdin

  [OUTPUT]
          Path to output file (PDF, PNG, SVG, or HTML). Use `-` to write output
          to stdout.

          For output formats emitting one file per page (PNG & SVG), a page
          number template must be present if the source document renders to
          multiple pages. Use `{p}` for page numbers, `{0p}` for zero padded
          page numbers and `{t}` for page count. For example,
          `page-{0p}-of-{t}.png` creates `page-01-of-10.png`,
          `page-02-of-10.png`, and so on.

Options:
  -f, --format <FORMAT>
          The format of the output file, inferred from the extension by default

          [possible values: pdf, png, svg, html]

      --root <DIR>
          Configures the project root (for absolute paths)

          [env: TYPST_ROOT=]

      --input <key=value>
          Add a string key-value pair visible through `sys.inputs`

      --font-path <DIR>
          Adds additional directories that are recursively searched for fonts.

          If multiple paths are specified, they are separated by the system's
          path separator (`:` on Unix-like systems and `;` on Windows).

          [env: TYPST_FONT_PATHS=]

      --ignore-system-fonts
          Ensures system fonts won't be searched, unless explicitly included via
          `--font-path`

      --package-path <DIR>
          Custom path to local packages, defaults to system-dependent location

          [env: TYPST_PACKAGE_PATH=]

      --package-cache-path <DIR>
          Custom path to package cache, defaults to system-dependent location

          [env: TYPST_PACKAGE_CACHE_PATH=]

      --creation-timestamp <UNIX_TIMESTAMP>
          The document's creation date formatted as a UNIX timestamp.

          For more information, see
          <https://reproducible-builds.org/specs/source-date-epoch/>.

          [env: SOURCE_DATE_EPOCH=]

      --pages <PAGES>
          Which pages to export. When unspecified, all pages are exported.

          Pages to export are separated by commas, and can be either simple page
          numbers (e.g. '2,5' to export only pages 2 and 5) or page ranges (e.g.
          '2,3-6,8-' to export page 2, pages 3 to 6 (inclusive), page 8 and any
          pages after it).

          Page numbers are one-indexed and correspond to physical page numbers
          in the document (therefore not being affected by the document's page
          counter).

      --pdf-standard <PDF_STANDARD>
          One (or multiple comma-separated) PDF standards that Typst will
          enforce conformance with

          Possible values:
          - 1.7:  PDF 1.7
          - a-2b: PDF/A-2b
          - a-3b: PDF/A-3b

      --ppi <PPI>
          The PPI (pixels per inch) to use for PNG export

          [default: 144]

      --make-deps <PATH>
          File path to which a Makefile with the current compilation's
          dependencies will be written

  -j, --jobs <JOBS>
          Number of parallel jobs spawned during compilation. Defaults to number
          of CPUs. Setting it to 1 disables parallelism

      --features <FEATURES>
          Enables in-development features that may be changed or removed at any
          time

          [env: TYPST_FEATURES=]
          [possible values: html]

      --diagnostic-format <DIAGNOSTIC_FORMAT>
          The format to emit diagnostics in

          [default: human]
          [possible values: human, short]

      --open [<VIEWER>]
          Opens the output file with the default viewer or a specific program
          after compilation. Ignored if output is stdout

      --timings [<OUTPUT_JSON>]
          Produces performance timings of the compilation process.
          (experimental)

          The resulting JSON file can be loaded into a tracing tool such as
          https://ui.perfetto.dev. It does not contain any sensitive information
          apart from file names and line numbers.

      --no-serve
          Disables the built-in HTTP server for HTML export

      --no-reload
          Disables the injected live reload script for HTML export. The HTML
          that is written to disk isn't affected either way

      --port <PORT>
          The port where HTML is served.

          Defaults to the first free port in the range 3000-3005.

  -h, --help
          Print help (see a summary with '-h')

C:\Users\ricky\Workspace-loc\Repos\Pers\doc_TypstTest\charged-ieee>typst help watch --root .
error: unrecognized subcommand '--root'

Usage: typst watch [OPTIONS] <INPUT> [OUTPUT]

For more information, try '--help'.

C:\Users\ricky\Workspace-loc\Repos\Pers\doc_TypstTest\charged-ieee>typst help watch --root . --port 3008 TestingTypst.typ
error: unrecognized subcommand '--root'

Usage: typst watch [OPTIONS] <INPUT> [OUTPUT]

For more information, try '--help'.

C:\Users\ricky\Workspace-loc\Repos\Pers\doc_TypstTest\charged-ieee>typst help watch --port 3008 TestingTypst.typ

error: unrecognized subcommand '--port'

Usage: typst watch [OPTIONS] <INPUT> [OUTPUT]

For more information, try '--help'.

C:\Users\ricky\Workspace-loc\Repos\Pers\doc_TypstTest\charged-ieee>typst watch --port 3008 --root .
error: the following required arguments were not provided:
  <INPUT>

Usage: typst watch --port <PORT> --root <DIR> <INPUT> [OUTPUT]

For more information, try '--help'.

C:\Users\ricky\Workspace-loc\Repos\Pers\doc_TypstTest\charged-ieee>typst watch --port 3008 --root . *.typ
error: The filename, directory name, or volume label syntax is incorrect. (os error 123)

C:\Users\ricky\Workspace-loc\Repos\Pers\doc_TypstTest\charged-ieee>typst watch --port 3008 --root . TestingTypst.typ
watching TestingTypst.typ
writing to TestingTypst.pdf

[16:44:03] compiling ...
watching TestingTypst.typ
writing to TestingTypst.pdf

[16:44:03] compiled with warnings in 12.05 ms

warning: unknown font family: clicker script
   ┌─ \\?\C:\Users\ricky\Workspace-loc\Repos\Pers\doc_TypstTest\charged-ieee\TestingTypst.typ:15:16
   │
15 │ #set text(font: "Clicker Script")
   │                 ^^^^^^^^^^^^^^^^

warning: unknown font family: roboto
   ┌─ \\?\C:\Users\ricky\Workspace-loc\Repos\Pers\doc_TypstTest\charged-ieee\TestingTypst.typ:19:16
   │
19 │ #set text(font: "Roboto")
   │                 ^^^^^^^^

warning: unknown font family: clicker script
   ┌─ \\?\C:\Users\ricky\Workspace-loc\Repos\Pers\doc_TypstTest\charged-ieee\TestingTypst.typ:21:16
   │
21 │ #set text(font: "Clicker Script")
   │                 ^^^^^^^^^^^^^^^^

warning: unknown font family: roboto
   ┌─ \\?\C:\Users\ricky\Workspace-loc\Repos\Pers\doc_TypstTest\charged-ieee\TestingTypst.typ:24:16
   │
24 │ #set text(font: "Roboto")
   │                 ^^^^^^^^

^C
C:\Users\ricky\Workspace-loc\Repos\Pers\doc_TypstTest\charged-ieee>typst watch --port 3008 --root . TestingTypst.typ -fhtml
watching TestingTypst.typ
writing to TestingTypst.html
serving at http://127.0.0.1:3008

[16:45:24] compiling ...
watching TestingTypst.typ
writing to TestingTypst.html
serving at http://127.0.0.1:3008

[16:45:24] compiled with errors

error: html export is only available when `--features html` is passed
 = hint: html export is under active development and incomplete
 = hint: see https://github.com/typst/typst/issues/5512 for more information

^C
C:\Users\ricky\Workspace-loc\Repos\Pers\doc_TypstTest\charged-ieee>typst watch --port 3008 --root . TestingTypst.typ --features html -f html
watching TestingTypst.typ
writing to TestingTypst.html
serving at http://127.0.0.1:3008

[16:46:24] compiling ...
watching TestingTypst.typ
writing to TestingTypst.html
serving at http://127.0.0.1:3008

[16:46:24] compiled with warnings in 9.29 ms

warning: html export is under active development and incomplete
 = hint: its behaviour may change at any time
 = hint: do not rely on this feature for production use cases
 = hint: see https://github.com/typst/typst/issues/5512 for more information

warning: unknown font family: clicker script
   ┌─ \\?\C:\Users\ricky\Workspace-loc\Repos\Pers\doc_TypstTest\charged-ieee\TestingTypst.typ:15:16
   │
15 │ #set text(font: "Clicker Script")
   │                 ^^^^^^^^^^^^^^^^

warning: unknown font family: roboto
   ┌─ \\?\C:\Users\ricky\Workspace-loc\Repos\Pers\doc_TypstTest\charged-ieee\TestingTypst.typ:19:16
   │
19 │ #set text(font: "Roboto")
   │                 ^^^^^^^^

warning: unknown font family: clicker script
   ┌─ \\?\C:\Users\ricky\Workspace-loc\Repos\Pers\doc_TypstTest\charged-ieee\TestingTypst.typ:21:16
   │
21 │ #set text(font: "Clicker Script")
   │                 ^^^^^^^^^^^^^^^^

warning: unknown font family: roboto
   ┌─ \\?\C:\Users\ricky\Workspace-loc\Repos\Pers\doc_TypstTest\charged-ieee\TestingTypst.typ:24:16
   │
24 │ #set text(font: "Roboto")
   │                 ^^^^^^^^

warning: heading of level 6 was transformed to <div role="heading" aria-level="7">, which is not supported by all assistive technology
   ┌─ \\?\C:\Users\ricky\Workspace-loc\Repos\Pers\doc_TypstTest\charged-ieee\TestingTypst.typ:45:0
   │
45 │ ====== header 6
   │ ^^^^^^^^^^^^^^^
   │
   = hint: HTML only supports <h1> to <h6>, not <h7>
   = hint: you may want to restructure your document so that it doesn't contain deep headings

warning: heading of level 7 was transformed to <div role="heading" aria-level="8">, which is not supported by all assistive technology
   ┌─ \\?\C:\Users\ricky\Workspace-loc\Repos\Pers\doc_TypstTest\charged-ieee\TestingTypst.typ:46:0
   │
46 │ ======= header 7
   │ ^^^^^^^^^^^^^^^^
   │
   = hint: HTML only supports <h1> to <h6>, not <h8>
   = hint: you may want to restructure your document so that it doesn't contain deep headings

warning: heading of level 8 was transformed to <div role="heading" aria-level="9">, which is not supported by all assistive technology
   ┌─ \\?\C:\Users\ricky\Workspace-loc\Repos\Pers\doc_TypstTest\charged-ieee\TestingTypst.typ:47:0
   │
47 │ ======== header 8
   │ ^^^^^^^^^^^^^^^^^
   │
   = hint: HTML only supports <h1> to <h6>, not <h9>
   = hint: you may want to restructure your document so that it doesn't contain deep headings

warning: heading of level 9 was transformed to <div role="heading" aria-level="10">, which is not supported by all assistive technology
   ┌─ \\?\C:\Users\ricky\Workspace-loc\Repos\Pers\doc_TypstTest\charged-ieee\TestingTypst.typ:48:0
   │
48 │ ========= header 9
   │ ^^^^^^^^^^^^^^^^^^
   │
   = hint: HTML only supports <h1> to <h6>, not <h10>
   = hint: you may want to restructure your document so that it doesn't contain deep headings

warning: heading of level 9 was transformed to <div role="heading" aria-level="10">, which is not supported by all assistive technology
   ┌─ \\?\C:\Users\ricky\Workspace-loc\Repos\Pers\doc_TypstTest\charged-ieee\TestingTypst.typ:49:0
   │
49 │ ========= header 10
   │ ^^^^^^^^^^^^^^^^^^^
   │
   = hint: HTML only supports <h1> to <h6>, not <h10>
   = hint: you may want to restructure your document so that it doesn't contain deep headings

warning: heading of level 6 was transformed to <div role="heading" aria-level="7">, which is not supported by all assistive technology
   ┌─ \\?\C:\Users\ricky\Workspace-loc\Repos\Pers\doc_TypstTest\charged-ieee\TestingTypst.typ:56:0
   │
56 │ ====== header 6
   │ ^^^^^^^^^^^^^^^
   │
   = hint: HTML only supports <h1> to <h6>, not <h7>
   = hint: you may want to restructure your document so that it doesn't contain deep headings

warning: heading of level 7 was transformed to <div role="heading" aria-level="8">, which is not supported by all assistive technology
   ┌─ \\?\C:\Users\ricky\Workspace-loc\Repos\Pers\doc_TypstTest\charged-ieee\TestingTypst.typ:57:0
   │
57 │ ======= header 7
   │ ^^^^^^^^^^^^^^^^
   │
   = hint: HTML only supports <h1> to <h6>, not <h8>
   = hint: you may want to restructure your document so that it doesn't contain deep headings

warning: heading of level 8 was transformed to <div role="heading" aria-level="9">, which is not supported by all assistive technology
   ┌─ \\?\C:\Users\ricky\Workspace-loc\Repos\Pers\doc_TypstTest\charged-ieee\TestingTypst.typ:58:0
   │
58 │ ======== header 8
   │ ^^^^^^^^^^^^^^^^^
   │
   = hint: HTML only supports <h1> to <h6>, not <h9>
   = hint: you may want to restructure your document so that it doesn't contain deep headings

warning: heading of level 9 was transformed to <div role="heading" aria-level="10">, which is not supported by all assistive technology
   ┌─ \\?\C:\Users\ricky\Workspace-loc\Repos\Pers\doc_TypstTest\charged-ieee\TestingTypst.typ:59:0
   │
59 │ ========= header 9
   │ ^^^^^^^^^^^^^^^^^^
   │
   = hint: HTML only supports <h1> to <h6>, not <h10>
   = hint: you may want to restructure your document so that it doesn't contain deep headings

warning: heading of level 9 was transformed to <div role="heading" aria-level="10">, which is not supported by all assistive technology
   ┌─ \\?\C:\Users\ricky\Workspace-loc\Repos\Pers\doc_TypstTest\charged-ieee\TestingTypst.typ:60:0
   │
60 │ ========= header 10
   │ ^^^^^^^^^^^^^^^^^^^
   │
   = hint: HTML only supports <h1> to <h6>, not <h10>
   = hint: you may want to restructure your document so that it doesn't contain deep headings
watching TestingTypst.typ
writing to TestingTypst.html
serving at http://127.0.0.1:3008

[16:47:24] compiling ...
watching TestingTypst.typ
writing to TestingTypst.html
serving at http://127.0.0.1:3008

[16:47:24] compiled with warnings in 4.6 ms

warning: html export is under active development and incomplete
 = hint: its behaviour may change at any time
 = hint: do not rely on this feature for production use cases
 = hint: see https://github.com/typst/typst/issues/5512 for more information

warning: unknown font family: clicker script
   ┌─ \\?\C:\Users\ricky\Workspace-loc\Repos\Pers\doc_TypstTest\charged-ieee\TestingTypst.typ:15:16
   │
15 │ #set text(font: "Clicker Script")
   │                 ^^^^^^^^^^^^^^^^

warning: unknown font family: roboto
   ┌─ \\?\C:\Users\ricky\Workspace-loc\Repos\Pers\doc_TypstTest\charged-ieee\TestingTypst.typ:19:16
   │
19 │ #set text(font: "Roboto")
   │                 ^^^^^^^^

warning: unknown font family: clicker script
   ┌─ \\?\C:\Users\ricky\Workspace-loc\Repos\Pers\doc_TypstTest\charged-ieee\TestingTypst.typ:21:16
   │
21 │ #set text(font: "Clicker Script")
   │                 ^^^^^^^^^^^^^^^^

warning: unknown font family: roboto
   ┌─ \\?\C:\Users\ricky\Workspace-loc\Repos\Pers\doc_TypstTest\charged-ieee\TestingTypst.typ:24:16
   │
24 │ #set text(font: "Roboto")
   │                 ^^^^^^^^

warning: heading of level 6 was transformed to <div role="heading" aria-level="7">, which is not supported by all assistive technology
   ┌─ \\?\C:\Users\ricky\Workspace-loc\Repos\Pers\doc_TypstTest\charged-ieee\TestingTypst.typ:45:0
   │
45 │ ====== header 6
   │ ^^^^^^^^^^^^^^^
   │
   = hint: HTML only supports <h1> to <h6>, not <h7>
   = hint: you may want to restructure your document so that it doesn't contain deep headings

warning: heading of level 7 was transformed to <div role="heading" aria-level="8">, which is not supported by all assistive technology
   ┌─ \\?\C:\Users\ricky\Workspace-loc\Repos\Pers\doc_TypstTest\charged-ieee\TestingTypst.typ:46:0
   │
46 │ ======= header 7
   │ ^^^^^^^^^^^^^^^^
   │
   = hint: HTML only supports <h1> to <h6>, not <h8>
   = hint: you may want to restructure your document so that it doesn't contain deep headings

warning: heading of level 8 was transformed to <div role="heading" aria-level="9">, which is not supported by all assistive technology
   ┌─ \\?\C:\Users\ricky\Workspace-loc\Repos\Pers\doc_TypstTest\charged-ieee\TestingTypst.typ:47:0
   │
47 │ ======== header 8
   │ ^^^^^^^^^^^^^^^^^
   │
   = hint: HTML only supports <h1> to <h6>, not <h9>
   = hint: you may want to restructure your document so that it doesn't contain deep headings

warning: heading of level 9 was transformed to <div role="heading" aria-level="10">, which is not supported by all assistive technology
   ┌─ \\?\C:\Users\ricky\Workspace-loc\Repos\Pers\doc_TypstTest\charged-ieee\TestingTypst.typ:48:0
   │
48 │ ========= header 9
   │ ^^^^^^^^^^^^^^^^^^
   │
   = hint: HTML only supports <h1> to <h6>, not <h10>
   = hint: you may want to restructure your document so that it doesn't contain deep headings

warning: heading of level 9 was transformed to <div role="heading" aria-level="10">, which is not supported by all assistive technology
   ┌─ \\?\C:\Users\ricky\Workspace-loc\Repos\Pers\doc_TypstTest\charged-ieee\TestingTypst.typ:49:0
   │
49 │ ========= header 10
   │ ^^^^^^^^^^^^^^^^^^^
   │
   = hint: HTML only supports <h1> to <h6>, not <h10>
   = hint: you may want to restructure your document so that it doesn't contain deep headings

warning: heading of level 6 was transformed to <div role="heading" aria-level="7">, which is not supported by all assistive technology
   ┌─ \\?\C:\Users\ricky\Workspace-loc\Repos\Pers\doc_TypstTest\charged-ieee\TestingTypst.typ:56:0
   │
56 │ ====== header 6
   │ ^^^^^^^^^^^^^^^
   │
   = hint: HTML only supports <h1> to <h6>, not <h7>
   = hint: you may want to restructure your document so that it doesn't contain deep headings

warning: heading of level 7 was transformed to <div role="heading" aria-level="8">, which is not supported by all assistive technology
   ┌─ \\?\C:\Users\ricky\Workspace-loc\Repos\Pers\doc_TypstTest\charged-ieee\TestingTypst.typ:57:0
   │
57 │ ======= header 7
   │ ^^^^^^^^^^^^^^^^
   │
   = hint: HTML only supports <h1> to <h6>, not <h8>
   = hint: you may want to restructure your document so that it doesn't contain deep headings

warning: heading of level 8 was transformed to <div role="heading" aria-level="9">, which is not supported by all assistive technology
   ┌─ \\?\C:\Users\ricky\Workspace-loc\Repos\Pers\doc_TypstTest\charged-ieee\TestingTypst.typ:58:0
   │
58 │ ======== header 8
   │ ^^^^^^^^^^^^^^^^^
   │
   = hint: HTML only supports <h1> to <h6>, not <h9>
   = hint: you may want to restructure your document so that it doesn't contain deep headings

warning: heading of level 9 was transformed to <div role="heading" aria-level="10">, which is not supported by all assistive technology
   ┌─ \\?\C:\Users\ricky\Workspace-loc\Repos\Pers\doc_TypstTest\charged-ieee\TestingTypst.typ:59:0
   │
59 │ ========= header 9
   │ ^^^^^^^^^^^^^^^^^^
   │
   = hint: HTML only supports <h1> to <h6>, not <h10>
   = hint: you may want to restructure your document so that it doesn't contain deep headings

warning: heading of level 9 was transformed to <div role="heading" aria-level="10">, which is not supported by all assistive technology
   ┌─ \\?\C:\Users\ricky\Workspace-loc\Repos\Pers\doc_TypstTest\charged-ieee\TestingTypst.typ:60:0
   │
60 │ ========= header 10
   │ ^^^^^^^^^^^^^^^^^^^
   │
   = hint: HTML only supports <h1> to <h6>, not <h10>
   = hint: you may want to restructure your document so that it doesn't contain deep headings
watching TestingTypst.typ
writing to TestingTypst.html
serving at http://127.0.0.1:3008

[16:47:28] compiling ...
watching TestingTypst.typ
writing to TestingTypst.html
serving at http://127.0.0.1:3008

[16:47:28] compiled with warnings in 6.89 ms

warning: html export is under active development and incomplete
 = hint: its behaviour may change at any time
 = hint: do not rely on this feature for production use cases
 = hint: see https://github.com/typst/typst/issues/5512 for more information

warning: unknown font family: clicker script
   ┌─ \\?\C:\Users\ricky\Workspace-loc\Repos\Pers\doc_TypstTest\charged-ieee\TestingTypst.typ:15:16
   │
15 │ #set text(font: "Clicker Script")
   │                 ^^^^^^^^^^^^^^^^

warning: unknown font family: roboto
   ┌─ \\?\C:\Users\ricky\Workspace-loc\Repos\Pers\doc_TypstTest\charged-ieee\TestingTypst.typ:19:16
   │
19 │ #set text(font: "Roboto")
   │                 ^^^^^^^^

warning: unknown font family: clicker script
   ┌─ \\?\C:\Users\ricky\Workspace-loc\Repos\Pers\doc_TypstTest\charged-ieee\TestingTypst.typ:21:16
   │
21 │ #set text(font: "Clicker Script")
   │                 ^^^^^^^^^^^^^^^^

warning: unknown font family: roboto
   ┌─ \\?\C:\Users\ricky\Workspace-loc\Repos\Pers\doc_TypstTest\charged-ieee\TestingTypst.typ:24:16
   │
24 │ #set text(font: "Roboto")
   │                 ^^^^^^^^

warning: heading of level 6 was transformed to <div role="heading" aria-level="7">, which is not supported by all assistive technology
   ┌─ \\?\C:\Users\ricky\Workspace-loc\Repos\Pers\doc_TypstTest\charged-ieee\TestingTypst.typ:45:0
   │
45 │ ====== header 6
   │ ^^^^^^^^^^^^^^^
   │
   = hint: HTML only supports <h1> to <h6>, not <h7>
   = hint: you may want to restructure your document so that it doesn't contain deep headings

warning: heading of level 7 was transformed to <div role="heading" aria-level="8">, which is not supported by all assistive technology
   ┌─ \\?\C:\Users\ricky\Workspace-loc\Repos\Pers\doc_TypstTest\charged-ieee\TestingTypst.typ:46:0
   │
46 │ ======= header 7
   │ ^^^^^^^^^^^^^^^^
   │
   = hint: HTML only supports <h1> to <h6>, not <h8>
   = hint: you may want to restructure your document so that it doesn't contain deep headings

warning: heading of level 8 was transformed to <div role="heading" aria-level="9">, which is not supported by all assistive technology
   ┌─ \\?\C:\Users\ricky\Workspace-loc\Repos\Pers\doc_TypstTest\charged-ieee\TestingTypst.typ:47:0
   │
47 │ ======== header 8
   │ ^^^^^^^^^^^^^^^^^
   │
   = hint: HTML only supports <h1> to <h6>, not <h9>
   = hint: you may want to restructure your document so that it doesn't contain deep headings

warning: heading of level 9 was transformed to <div role="heading" aria-level="10">, which is not supported by all assistive technology
   ┌─ \\?\C:\Users\ricky\Workspace-loc\Repos\Pers\doc_TypstTest\charged-ieee\TestingTypst.typ:48:0
   │
48 │ ========= header 9
   │ ^^^^^^^^^^^^^^^^^^
   │
   = hint: HTML only supports <h1> to <h6>, not <h10>
   = hint: you may want to restructure your document so that it doesn't contain deep headings

warning: heading of level 9 was transformed to <div role="heading" aria-level="10">, which is not supported by all assistive technology
   ┌─ \\?\C:\Users\ricky\Workspace-loc\Repos\Pers\doc_TypstTest\charged-ieee\TestingTypst.typ:49:0
   │
49 │ ========= header 10
   │ ^^^^^^^^^^^^^^^^^^^
   │
   = hint: HTML only supports <h1> to <h6>, not <h10>
   = hint: you may want to restructure your document so that it doesn't contain deep headings

warning: heading of level 6 was transformed to <div role="heading" aria-level="7">, which is not supported by all assistive technology
   ┌─ \\?\C:\Users\ricky\Workspace-loc\Repos\Pers\doc_TypstTest\charged-ieee\TestingTypst.typ:56:0
   │
56 │ ====== header 6
   │ ^^^^^^^^^^^^^^^
   │
   = hint: HTML only supports <h1> to <h6>, not <h7>
   = hint: you may want to restructure your document so that it doesn't contain deep headings

warning: heading of level 7 was transformed to <div role="heading" aria-level="8">, which is not supported by all assistive technology
   ┌─ \\?\C:\Users\ricky\Workspace-loc\Repos\Pers\doc_TypstTest\charged-ieee\TestingTypst.typ:57:0
   │
57 │ ======= header 7
   │ ^^^^^^^^^^^^^^^^
   │
   = hint: HTML only supports <h1> to <h6>, not <h8>
   = hint: you may want to restructure your document so that it doesn't contain deep headings

warning: heading of level 8 was transformed to <div role="heading" aria-level="9">, which is not supported by all assistive technology
   ┌─ \\?\C:\Users\ricky\Workspace-loc\Repos\Pers\doc_TypstTest\charged-ieee\TestingTypst.typ:58:0
   │
58 │ ======== header 8
   │ ^^^^^^^^^^^^^^^^^
   │
   = hint: HTML only supports <h1> to <h6>, not <h9>
   = hint: you may want to restructure your document so that it doesn't contain deep headings

warning: heading of level 9 was transformed to <div role="heading" aria-level="10">, which is not supported by all assistive technology
   ┌─ \\?\C:\Users\ricky\Workspace-loc\Repos\Pers\doc_TypstTest\charged-ieee\TestingTypst.typ:59:0
   │
59 │ ========= header 9
   │ ^^^^^^^^^^^^^^^^^^
   │
   = hint: HTML only supports <h1> to <h6>, not <h10>
   = hint: you may want to restructure your document so that it doesn't contain deep headings

warning: heading of level 9 was transformed to <div role="heading" aria-level="10">, which is not supported by all assistive technology
   ┌─ \\?\C:\Users\ricky\Workspace-loc\Repos\Pers\doc_TypstTest\charged-ieee\TestingTypst.typ:60:0
   │
60 │ ========= header 10
   │ ^^^^^^^^^^^^^^^^^^^
   │
   = hint: HTML only supports <h1> to <h6>, not <h10>
   = hint: you may want to restructure your document so that it doesn't contain deep headings
watching TestingTypst.typ
writing to TestingTypst.html
serving at http://127.0.0.1:3008

[16:47:30] compiling ...
watching TestingTypst.typ
writing to TestingTypst.html
serving at http://127.0.0.1:3008

[16:47:30] compiled with warnings in 7.42 ms

warning: html export is under active development and incomplete
 = hint: its behaviour may change at any time
 = hint: do not rely on this feature for production use cases
 = hint: see https://github.com/typst/typst/issues/5512 for more information

warning: unknown font family: clicker script
   ┌─ \\?\C:\Users\ricky\Workspace-loc\Repos\Pers\doc_TypstTest\charged-ieee\TestingTypst.typ:15:16
   │
15 │ #set text(font: "Clicker Script")
   │                 ^^^^^^^^^^^^^^^^

warning: unknown font family: roboto
   ┌─ \\?\C:\Users\ricky\Workspace-loc\Repos\Pers\doc_TypstTest\charged-ieee\TestingTypst.typ:19:16
   │
19 │ #set text(font: "Roboto")
   │                 ^^^^^^^^

warning: unknown font family: clicker script
   ┌─ \\?\C:\Users\ricky\Workspace-loc\Repos\Pers\doc_TypstTest\charged-ieee\TestingTypst.typ:21:16
   │
21 │ #set text(font: "Clicker Script")
   │                 ^^^^^^^^^^^^^^^^

warning: unknown font family: roboto
   ┌─ \\?\C:\Users\ricky\Workspace-loc\Repos\Pers\doc_TypstTest\charged-ieee\TestingTypst.typ:24:16
   │
24 │ #set text(font: "Roboto")
   │                 ^^^^^^^^

warning: heading of level 6 was transformed to <div role="heading" aria-level="7">, which is not supported by all assistive technology
   ┌─ \\?\C:\Users\ricky\Workspace-loc\Repos\Pers\doc_TypstTest\charged-ieee\TestingTypst.typ:45:0
   │
45 │ ====== header 6
   │ ^^^^^^^^^^^^^^^
   │
   = hint: HTML only supports <h1> to <h6>, not <h7>
   = hint: you may want to restructure your document so that it doesn't contain deep headings

warning: heading of level 7 was transformed to <div role="heading" aria-level="8">, which is not supported by all assistive technology
   ┌─ \\?\C:\Users\ricky\Workspace-loc\Repos\Pers\doc_TypstTest\charged-ieee\TestingTypst.typ:46:0
   │
46 │ ======= header 7
   │ ^^^^^^^^^^^^^^^^
   │
   = hint: HTML only supports <h1> to <h6>, not <h8>
   = hint: you may want to restructure your document so that it doesn't contain deep headings

warning: heading of level 8 was transformed to <div role="heading" aria-level="9">, which is not supported by all assistive technology
   ┌─ \\?\C:\Users\ricky\Workspace-loc\Repos\Pers\doc_TypstTest\charged-ieee\TestingTypst.typ:47:0
   │
47 │ ======== header 8
   │ ^^^^^^^^^^^^^^^^^
   │
   = hint: HTML only supports <h1> to <h6>, not <h9>
   = hint: you may want to restructure your document so that it doesn't contain deep headings

warning: heading of level 9 was transformed to <div role="heading" aria-level="10">, which is not supported by all assistive technology
   ┌─ \\?\C:\Users\ricky\Workspace-loc\Repos\Pers\doc_TypstTest\charged-ieee\TestingTypst.typ:48:0
   │
48 │ ========= header 9
   │ ^^^^^^^^^^^^^^^^^^
   │
   = hint: HTML only supports <h1> to <h6>, not <h10>
   = hint: you may want to restructure your document so that it doesn't contain deep headings

warning: heading of level 9 was transformed to <div role="heading" aria-level="10">, which is not supported by all assistive technology
   ┌─ \\?\C:\Users\ricky\Workspace-loc\Repos\Pers\doc_TypstTest\charged-ieee\TestingTypst.typ:49:0
   │
49 │ ========= header 10
   │ ^^^^^^^^^^^^^^^^^^^
   │
   = hint: HTML only supports <h1> to <h6>, not <h10>
   = hint: you may want to restructure your document so that it doesn't contain deep headings

warning: heading of level 6 was transformed to <div role="heading" aria-level="7">, which is not supported by all assistive technology
   ┌─ \\?\C:\Users\ricky\Workspace-loc\Repos\Pers\doc_TypstTest\charged-ieee\TestingTypst.typ:56:0
   │
56 │ ====== header 6
   │ ^^^^^^^^^^^^^^^
   │
   = hint: HTML only supports <h1> to <h6>, not <h7>
   = hint: you may want to restructure your document so that it doesn't contain deep headings

warning: heading of level 7 was transformed to <div role="heading" aria-level="8">, which is not supported by all assistive technology
   ┌─ \\?\C:\Users\ricky\Workspace-loc\Repos\Pers\doc_TypstTest\charged-ieee\TestingTypst.typ:57:0
   │
57 │ ======= header 7
   │ ^^^^^^^^^^^^^^^^
   │
   = hint: HTML only supports <h1> to <h6>, not <h8>
   = hint: you may want to restructure your document so that it doesn't contain deep headings

warning: heading of level 8 was transformed to <div role="heading" aria-level="9">, which is not supported by all assistive technology
   ┌─ \\?\C:\Users\ricky\Workspace-loc\Repos\Pers\doc_TypstTest\charged-ieee\TestingTypst.typ:58:0
   │
58 │ ======== header 8
   │ ^^^^^^^^^^^^^^^^^
   │
   = hint: HTML only supports <h1> to <h6>, not <h9>
   = hint: you may want to restructure your document so that it doesn't contain deep headings

warning: heading of level 9 was transformed to <div role="heading" aria-level="10">, which is not supported by all assistive technology
   ┌─ \\?\C:\Users\ricky\Workspace-loc\Repos\Pers\doc_TypstTest\charged-ieee\TestingTypst.typ:59:0
   │
59 │ ========= header 9
   │ ^^^^^^^^^^^^^^^^^^
   │
   = hint: HTML only supports <h1> to <h6>, not <h10>
   = hint: you may want to restructure your document so that it doesn't contain deep headings

warning: heading of level 9 was transformed to <div role="heading" aria-level="10">, which is not supported by all assistive technology
   ┌─ \\?\C:\Users\ricky\Workspace-loc\Repos\Pers\doc_TypstTest\charged-ieee\TestingTypst.typ:60:0
   │
60 │ ========= header 10
   │ ^^^^^^^^^^^^^^^^^^^
   │
   = hint: HTML only supports <h1> to <h6>, not <h10>
   = hint: you may want to restructure your document so that it doesn't contain deep headings
watching TestingTypst.typ
writing to TestingTypst.html
serving at http://127.0.0.1:3008

[16:47:32] compiling ...
watching TestingTypst.typ
writing to TestingTypst.html
serving at http://127.0.0.1:3008

[16:47:32] compiled with warnings in 6.03 ms

warning: html export is under active development and incomplete
 = hint: its behaviour may change at any time
 = hint: do not rely on this feature for production use cases
 = hint: see https://github.com/typst/typst/issues/5512 for more information

warning: unknown font family: clicker script
   ┌─ \\?\C:\Users\ricky\Workspace-loc\Repos\Pers\doc_TypstTest\charged-ieee\TestingTypst.typ:15:16
   │
15 │ #set text(font: "Clicker Script")
   │                 ^^^^^^^^^^^^^^^^

warning: unknown font family: roboto
   ┌─ \\?\C:\Users\ricky\Workspace-loc\Repos\Pers\doc_TypstTest\charged-ieee\TestingTypst.typ:19:16
   │
19 │ #set text(font: "Roboto")
   │                 ^^^^^^^^

warning: unknown font family: clicker script
   ┌─ \\?\C:\Users\ricky\Workspace-loc\Repos\Pers\doc_TypstTest\charged-ieee\TestingTypst.typ:21:16
   │
21 │ #set text(font: "Clicker Script")
   │                 ^^^^^^^^^^^^^^^^

warning: unknown font family: roboto
   ┌─ \\?\C:\Users\ricky\Workspace-loc\Repos\Pers\doc_TypstTest\charged-ieee\TestingTypst.typ:24:16
   │
24 │ #set text(font: "Roboto")
   │                 ^^^^^^^^

warning: heading of level 6 was transformed to <div role="heading" aria-level="7">, which is not supported by all assistive technology
   ┌─ \\?\C:\Users\ricky\Workspace-loc\Repos\Pers\doc_TypstTest\charged-ieee\TestingTypst.typ:45:0
   │
45 │ ====== header 6
   │ ^^^^^^^^^^^^^^^
   │
   = hint: HTML only supports <h1> to <h6>, not <h7>
   = hint: you may want to restructure your document so that it doesn't contain deep headings

warning: heading of level 7 was transformed to <div role="heading" aria-level="8">, which is not supported by all assistive technology
   ┌─ \\?\C:\Users\ricky\Workspace-loc\Repos\Pers\doc_TypstTest\charged-ieee\TestingTypst.typ:46:0
   │
46 │ ======= header 7
   │ ^^^^^^^^^^^^^^^^
   │
   = hint: HTML only supports <h1> to <h6>, not <h8>
   = hint: you may want to restructure your document so that it doesn't contain deep headings

warning: heading of level 8 was transformed to <div role="heading" aria-level="9">, which is not supported by all assistive technology
   ┌─ \\?\C:\Users\ricky\Workspace-loc\Repos\Pers\doc_TypstTest\charged-ieee\TestingTypst.typ:47:0
   │
47 │ ======== header 8
   │ ^^^^^^^^^^^^^^^^^
   │
   = hint: HTML only supports <h1> to <h6>, not <h9>
   = hint: you may want to restructure your document so that it doesn't contain deep headings

warning: heading of level 9 was transformed to <div role="heading" aria-level="10">, which is not supported by all assistive technology
   ┌─ \\?\C:\Users\ricky\Workspace-loc\Repos\Pers\doc_TypstTest\charged-ieee\TestingTypst.typ:48:0
   │
48 │ ========= header 9
   │ ^^^^^^^^^^^^^^^^^^
   │
   = hint: HTML only supports <h1> to <h6>, not <h10>
   = hint: you may want to restructure your document so that it doesn't contain deep headings

warning: heading of level 9 was transformed to <div role="heading" aria-level="10">, which is not supported by all assistive technology
   ┌─ \\?\C:\Users\ricky\Workspace-loc\Repos\Pers\doc_TypstTest\charged-ieee\TestingTypst.typ:49:0
   │
49 │ ========= header 10
   │ ^^^^^^^^^^^^^^^^^^^
   │
   = hint: HTML only supports <h1> to <h6>, not <h10>
   = hint: you may want to restructure your document so that it doesn't contain deep headings

warning: heading of level 6 was transformed to <div role="heading" aria-level="7">, which is not supported by all assistive technology
   ┌─ \\?\C:\Users\ricky\Workspace-loc\Repos\Pers\doc_TypstTest\charged-ieee\TestingTypst.typ:56:0
   │
56 │ ====== header 6
   │ ^^^^^^^^^^^^^^^
   │
   = hint: HTML only supports <h1> to <h6>, not <h7>
   = hint: you may want to restructure your document so that it doesn't contain deep headings

warning: heading of level 7 was transformed to <div role="heading" aria-level="8">, which is not supported by all assistive technology
   ┌─ \\?\C:\Users\ricky\Workspace-loc\Repos\Pers\doc_TypstTest\charged-ieee\TestingTypst.typ:57:0
   │
57 │ ======= header 7
   │ ^^^^^^^^^^^^^^^^
   │
   = hint: HTML only supports <h1> to <h6>, not <h8>
   = hint: you may want to restructure your document so that it doesn't contain deep headings

warning: heading of level 8 was transformed to <div role="heading" aria-level="9">, which is not supported by all assistive technology
   ┌─ \\?\C:\Users\ricky\Workspace-loc\Repos\Pers\doc_TypstTest\charged-ieee\TestingTypst.typ:58:0
   │
58 │ ======== header 8
   │ ^^^^^^^^^^^^^^^^^
   │
   = hint: HTML only supports <h1> to <h6>, not <h9>
   = hint: you may want to restructure your document so that it doesn't contain deep headings

warning: heading of level 9 was transformed to <div role="heading" aria-level="10">, which is not supported by all assistive technology
   ┌─ \\?\C:\Users\ricky\Workspace-loc\Repos\Pers\doc_TypstTest\charged-ieee\TestingTypst.typ:59:0
   │
59 │ ========= header 9
   │ ^^^^^^^^^^^^^^^^^^
   │
   = hint: HTML only supports <h1> to <h6>, not <h10>
   = hint: you may want to restructure your document so that it doesn't contain deep headings

warning: heading of level 9 was transformed to <div role="heading" aria-level="10">, which is not supported by all assistive technology
   ┌─ \\?\C:\Users\ricky\Workspace-loc\Repos\Pers\doc_TypstTest\charged-ieee\TestingTypst.typ:60:0
   │
60 │ ========= header 10
   │ ^^^^^^^^^^^^^^^^^^^
   │
   = hint: HTML only supports <h1> to <h6>, not <h10>
   = hint: you may want to restructure your document so that it doesn't contain deep headings
watching TestingTypst.typ
writing to TestingTypst.html
serving at http://127.0.0.1:3008

[16:48:08] compiling ...
watching TestingTypst.typ
writing to TestingTypst.html
serving at http://127.0.0.1:3008

[16:48:08] compiled with warnings in 4.65 ms

warning: html export is under active development and incomplete
 = hint: its behaviour may change at any time
 = hint: do not rely on this feature for production use cases
 = hint: see https://github.com/typst/typst/issues/5512 for more information

warning: unknown font family: clicker script
   ┌─ \\?\C:\Users\ricky\Workspace-loc\Repos\Pers\doc_TypstTest\charged-ieee\TestingTypst.typ:15:16
   │
15 │ #set text(font: "Clicker Script")
   │                 ^^^^^^^^^^^^^^^^

warning: unknown font family: roboto
   ┌─ \\?\C:\Users\ricky\Workspace-loc\Repos\Pers\doc_TypstTest\charged-ieee\TestingTypst.typ:19:16
   │
19 │ #set text(font: "Roboto")
   │                 ^^^^^^^^

warning: unknown font family: clicker script
   ┌─ \\?\C:\Users\ricky\Workspace-loc\Repos\Pers\doc_TypstTest\charged-ieee\TestingTypst.typ:21:16
   │
21 │ #set text(font: "Clicker Script")
   │                 ^^^^^^^^^^^^^^^^

warning: unknown font family: roboto
   ┌─ \\?\C:\Users\ricky\Workspace-loc\Repos\Pers\doc_TypstTest\charged-ieee\TestingTypst.typ:24:16
   │
24 │ #set text(font: "Roboto")
   │                 ^^^^^^^^

warning: heading of level 6 was transformed to <div role="heading" aria-level="7">, which is not supported by all assistive technology
   ┌─ \\?\C:\Users\ricky\Workspace-loc\Repos\Pers\doc_TypstTest\charged-ieee\TestingTypst.typ:45:0
   │
45 │ ====== header 6
   │ ^^^^^^^^^^^^^^^
   │
   = hint: HTML only supports <h1> to <h6>, not <h7>
   = hint: you may want to restructure your document so that it doesn't contain deep headings

warning: heading of level 7 was transformed to <div role="heading" aria-level="8">, which is not supported by all assistive technology
   ┌─ \\?\C:\Users\ricky\Workspace-loc\Repos\Pers\doc_TypstTest\charged-ieee\TestingTypst.typ:46:0
   │
46 │ ======= header 7
   │ ^^^^^^^^^^^^^^^^
   │
   = hint: HTML only supports <h1> to <h6>, not <h8>
   = hint: you may want to restructure your document so that it doesn't contain deep headings

warning: heading of level 8 was transformed to <div role="heading" aria-level="9">, which is not supported by all assistive technology
   ┌─ \\?\C:\Users\ricky\Workspace-loc\Repos\Pers\doc_TypstTest\charged-ieee\TestingTypst.typ:47:0
   │
47 │ ======== header 8
   │ ^^^^^^^^^^^^^^^^^
   │
   = hint: HTML only supports <h1> to <h6>, not <h9>
   = hint: you may want to restructure your document so that it doesn't contain deep headings

warning: heading of level 9 was transformed to <div role="heading" aria-level="10">, which is not supported by all assistive technology
   ┌─ \\?\C:\Users\ricky\Workspace-loc\Repos\Pers\doc_TypstTest\charged-ieee\TestingTypst.typ:48:0
   │
48 │ ========= header 9
   │ ^^^^^^^^^^^^^^^^^^
   │
   = hint: HTML only supports <h1> to <h6>, not <h10>
   = hint: you may want to restructure your document so that it doesn't contain deep headings

warning: heading of level 9 was transformed to <div role="heading" aria-level="10">, which is not supported by all assistive technology
   ┌─ \\?\C:\Users\ricky\Workspace-loc\Repos\Pers\doc_TypstTest\charged-ieee\TestingTypst.typ:49:0
   │
49 │ ========= header 10
   │ ^^^^^^^^^^^^^^^^^^^
   │
   = hint: HTML only supports <h1> to <h6>, not <h10>
   = hint: you may want to restructure your document so that it doesn't contain deep headings

warning: heading of level 6 was transformed to <div role="heading" aria-level="7">, which is not supported by all assistive technology
   ┌─ \\?\C:\Users\ricky\Workspace-loc\Repos\Pers\doc_TypstTest\charged-ieee\TestingTypst.typ:56:0
   │
56 │ ====== header 6
   │ ^^^^^^^^^^^^^^^
   │
   = hint: HTML only supports <h1> to <h6>, not <h7>
   = hint: you may want to restructure your document so that it doesn't contain deep headings
watching TestingTypst.typ
writing to TestingTypst.html
serving at http://127.0.0.1:3008

[16:48:11] compiling ...
watching TestingTypst.typ
writing to TestingTypst.html
serving at http://127.0.0.1:3008

[16:48:11] compiled with warnings in 7.11 ms

warning: html export is under active development and incomplete
 = hint: its behaviour may change at any time
 = hint: do not rely on this feature for production use cases
 = hint: see https://github.com/typst/typst/issues/5512 for more information

warning: unknown font family: clicker script
   ┌─ \\?\C:\Users\ricky\Workspace-loc\Repos\Pers\doc_TypstTest\charged-ieee\TestingTypst.typ:15:16
   │
15 │ #set text(font: "Clicker Script")
   │                 ^^^^^^^^^^^^^^^^

warning: unknown font family: roboto
   ┌─ \\?\C:\Users\ricky\Workspace-loc\Repos\Pers\doc_TypstTest\charged-ieee\TestingTypst.typ:19:16
   │
19 │ #set text(font: "Roboto")
   │                 ^^^^^^^^

warning: unknown font family: clicker script
   ┌─ \\?\C:\Users\ricky\Workspace-loc\Repos\Pers\doc_TypstTest\charged-ieee\TestingTypst.typ:21:16
   │
21 │ #set text(font: "Clicker Script")
   │                 ^^^^^^^^^^^^^^^^

warning: unknown font family: roboto
   ┌─ \\?\C:\Users\ricky\Workspace-loc\Repos\Pers\doc_TypstTest\charged-ieee\TestingTypst.typ:24:16
   │
24 │ #set text(font: "Roboto")
   │                 ^^^^^^^^

warning: heading of level 6 was transformed to <div role="heading" aria-level="7">, which is not supported by all assistive technology
   ┌─ \\?\C:\Users\ricky\Workspace-loc\Repos\Pers\doc_TypstTest\charged-ieee\TestingTypst.typ:45:0
   │
45 │ ====== header 6
   │ ^^^^^^^^^^^^^^^
   │
   = hint: HTML only supports <h1> to <h6>, not <h7>
   = hint: you may want to restructure your document so that it doesn't contain deep headings

warning: heading of level 6 was transformed to <div role="heading" aria-level="7">, which is not supported by all assistive technology
   ┌─ \\?\C:\Users\ricky\Workspace-loc\Repos\Pers\doc_TypstTest\charged-ieee\TestingTypst.typ:53:0
   │
53 │ ====== header 6
   │ ^^^^^^^^^^^^^^^
   │
   = hint: HTML only supports <h1> to <h6>, not <h7>
   = hint: you may want to restructure your document so that it doesn't contain deep headings

^C
C:\Users\ricky\Workspace-loc\Repos\Pers\doc_TypstTest\charged-ieee>

C:\Users\ricky\Workspace-loc\Repos\Pers\doc_TypstTest\charged-ieee>typst watch --port 3008 --root . TestingTypst.typ --features html -f html
watching TestingTypst.typ
writing to TestingTypst.html
serving at http://127.0.0.1:3008

[16:48:24] compiling ...
watching TestingTypst.typ
writing to TestingTypst.html
serving at http://127.0.0.1:3008

[16:48:24] compiled with warnings in 6.38 ms

warning: html export is under active development and incomplete
 = hint: its behaviour may change at any time
 = hint: do not rely on this feature for production use cases
 = hint: see https://github.com/typst/typst/issues/5512 for more information

warning: unknown font family: clicker script
   ┌─ \\?\C:\Users\ricky\Workspace-loc\Repos\Pers\doc_TypstTest\charged-ieee\TestingTypst.typ:15:16
   │
15 │ #set text(font: "Clicker Script")
   │                 ^^^^^^^^^^^^^^^^

warning: unknown font family: roboto
   ┌─ \\?\C:\Users\ricky\Workspace-loc\Repos\Pers\doc_TypstTest\charged-ieee\TestingTypst.typ:19:16
   │
19 │ #set text(font: "Roboto")
   │                 ^^^^^^^^

warning: unknown font family: clicker script
   ┌─ \\?\C:\Users\ricky\Workspace-loc\Repos\Pers\doc_TypstTest\charged-ieee\TestingTypst.typ:21:16
   │
21 │ #set text(font: "Clicker Script")
   │                 ^^^^^^^^^^^^^^^^

warning: unknown font family: roboto
   ┌─ \\?\C:\Users\ricky\Workspace-loc\Repos\Pers\doc_TypstTest\charged-ieee\TestingTypst.typ:24:16
   │
24 │ #set text(font: "Roboto")
   │                 ^^^^^^^^

warning: heading of level 6 was transformed to <div role="heading" aria-level="7">, which is not supported by all assistive technology
   ┌─ \\?\C:\Users\ricky\Workspace-loc\Repos\Pers\doc_TypstTest\charged-ieee\TestingTypst.typ:45:0
   │
45 │ ====== header 6
   │ ^^^^^^^^^^^^^^^
   │
   = hint: HTML only supports <h1> to <h6>, not <h7>
   = hint: you may want to restructure your document so that it doesn't contain deep headings

warning: heading of level 6 was transformed to <div role="heading" aria-level="7">, which is not supported by all assistive technology
   ┌─ \\?\C:\Users\ricky\Workspace-loc\Repos\Pers\doc_TypstTest\charged-ieee\TestingTypst.typ:53:0
   │
53 │ ====== header 6
   │ ^^^^^^^^^^^^^^^
   │
   = hint: HTML only supports <h1> to <h6>, not <h7>
   = hint: you may want to restructure your document so that it doesn't contain deep headings
watching TestingTypst.typ
writing to TestingTypst.html
serving at http://127.0.0.1:3008

[16:48:52] compiling ...
watching TestingTypst.typ
writing to TestingTypst.html
serving at http://127.0.0.1:3008

[16:48:52] compiled with warnings in 4.88 ms

warning: html export is under active development and incomplete
 = hint: its behaviour may change at any time
 = hint: do not rely on this feature for production use cases
 = hint: see https://github.com/typst/typst/issues/5512 for more information

warning: unknown font family: clicker script
   ┌─ \\?\C:\Users\ricky\Workspace-loc\Repos\Pers\doc_TypstTest\charged-ieee\TestingTypst.typ:15:16
   │
15 │ #set text(font: "Clicker Script")
   │                 ^^^^^^^^^^^^^^^^

warning: unknown font family: roboto
   ┌─ \\?\C:\Users\ricky\Workspace-loc\Repos\Pers\doc_TypstTest\charged-ieee\TestingTypst.typ:19:16
   │
19 │ #set text(font: "Roboto")
   │                 ^^^^^^^^

warning: unknown font family: clicker script
   ┌─ \\?\C:\Users\ricky\Workspace-loc\Repos\Pers\doc_TypstTest\charged-ieee\TestingTypst.typ:21:16
   │
21 │ #set text(font: "Clicker Script")
   │                 ^^^^^^^^^^^^^^^^

warning: unknown font family: roboto
   ┌─ \\?\C:\Users\ricky\Workspace-loc\Repos\Pers\doc_TypstTest\charged-ieee\TestingTypst.typ:24:16
   │
24 │ #set text(font: "Roboto")
   │                 ^^^^^^^^

warning: heading of level 6 was transformed to <div role="heading" aria-level="7">, which is not supported by all assistive technology
   ┌─ \\?\C:\Users\ricky\Workspace-loc\Repos\Pers\doc_TypstTest\charged-ieee\TestingTypst.typ:45:0
   │
45 │ ====== header 6
   │ ^^^^^^^^^^^^^^^
   │
   = hint: HTML only supports <h1> to <h6>, not <h7>
   = hint: you may want to restructure your document so that it doesn't contain deep headings

warning: heading of level 6 was transformed to <div role="heading" aria-level="7">, which is not supported by all assistive technology
   ┌─ \\?\C:\Users\ricky\Workspace-loc\Repos\Pers\doc_TypstTest\charged-ieee\TestingTypst.typ:53:0
   │
53 │ ====== header 6
   │ ^^^^^^^^^^^^^^^
   │
   = hint: HTML only supports <h1> to <h6>, not <h7>
   = hint: you may want to restructure your document so that it doesn't contain deep headings
watching TestingTypst.typ
writing to TestingTypst.html
serving at http://127.0.0.1:3008

[16:48:55] compiling ...
watching TestingTypst.typ
writing to TestingTypst.html
serving at http://127.0.0.1:3008

[16:48:55] compiled with warnings in 6.13 ms

warning: html export is under active development and incomplete
 = hint: its behaviour may change at any time
 = hint: do not rely on this feature for production use cases
 = hint: see https://github.com/typst/typst/issues/5512 for more information

warning: unknown font family: clicker script
   ┌─ \\?\C:\Users\ricky\Workspace-loc\Repos\Pers\doc_TypstTest\charged-ieee\TestingTypst.typ:15:16
   │
15 │ #set text(font: "Clicker Script")
   │                 ^^^^^^^^^^^^^^^^

warning: unknown font family: roboto
   ┌─ \\?\C:\Users\ricky\Workspace-loc\Repos\Pers\doc_TypstTest\charged-ieee\TestingTypst.typ:19:16
   │
19 │ #set text(font: "Roboto")
   │                 ^^^^^^^^

warning: unknown font family: clicker script
   ┌─ \\?\C:\Users\ricky\Workspace-loc\Repos\Pers\doc_TypstTest\charged-ieee\TestingTypst.typ:21:16
   │
21 │ #set text(font: "Clicker Script")
   │                 ^^^^^^^^^^^^^^^^

warning: unknown font family: roboto
   ┌─ \\?\C:\Users\ricky\Workspace-loc\Repos\Pers\doc_TypstTest\charged-ieee\TestingTypst.typ:24:16
   │
24 │ #set text(font: "Roboto")
   │                 ^^^^^^^^

warning: heading of level 6 was transformed to <div role="heading" aria-level="7">, which is not supported by all assistive technology
   ┌─ \\?\C:\Users\ricky\Workspace-loc\Repos\Pers\doc_TypstTest\charged-ieee\TestingTypst.typ:45:0
   │
45 │ ====== header 6
   │ ^^^^^^^^^^^^^^^
   │
   = hint: HTML only supports <h1> to <h6>, not <h7>
   = hint: you may want to restructure your document so that it doesn't contain deep headings

warning: heading of level 6 was transformed to <div role="heading" aria-level="7">, which is not supported by all assistive technology
   ┌─ \\?\C:\Users\ricky\Workspace-loc\Repos\Pers\doc_TypstTest\charged-ieee\TestingTypst.typ:53:0
   │
53 │ ====== header 6
   │ ^^^^^^^^^^^^^^^
   │
   = hint: HTML only supports <h1> to <h6>, not <h7>
   = hint: you may want to restructure your document so that it doesn't contain deep headings
watching TestingTypst.typ
writing to TestingTypst.html
serving at http://127.0.0.1:3008

[16:48:59] compiling ...
watching TestingTypst.typ
writing to TestingTypst.html
serving at http://127.0.0.1:3008

[16:48:59] compiled with warnings in 5.1 ms

warning: html export is under active development and incomplete
 = hint: its behaviour may change at any time
 = hint: do not rely on this feature for production use cases
 = hint: see https://github.com/typst/typst/issues/5512 for more information

warning: unknown font family: clicker script
   ┌─ \\?\C:\Users\ricky\Workspace-loc\Repos\Pers\doc_TypstTest\charged-ieee\TestingTypst.typ:15:16
   │
15 │ #set text(font: "Clicker Script")
   │                 ^^^^^^^^^^^^^^^^

warning: unknown font family: roboto
   ┌─ \\?\C:\Users\ricky\Workspace-loc\Repos\Pers\doc_TypstTest\charged-ieee\TestingTypst.typ:19:16
   │
19 │ #set text(font: "Roboto")
   │                 ^^^^^^^^

warning: unknown font family: clicker script
   ┌─ \\?\C:\Users\ricky\Workspace-loc\Repos\Pers\doc_TypstTest\charged-ieee\TestingTypst.typ:21:16
   │
21 │ #set text(font: "Clicker Script")
   │                 ^^^^^^^^^^^^^^^^

warning: unknown font family: roboto
   ┌─ \\?\C:\Users\ricky\Workspace-loc\Repos\Pers\doc_TypstTest\charged-ieee\TestingTypst.typ:24:16
   │
24 │ #set text(font: "Roboto")
   │                 ^^^^^^^^

warning: heading of level 6 was transformed to <div role="heading" aria-level="7">, which is not supported by all assistive technology
   ┌─ \\?\C:\Users\ricky\Workspace-loc\Repos\Pers\doc_TypstTest\charged-ieee\TestingTypst.typ:45:0
   │
45 │ ====== header 6
   │ ^^^^^^^^^^^^^^^
   │
   = hint: HTML only supports <h1> to <h6>, not <h7>
   = hint: you may want to restructure your document so that it doesn't contain deep headings

warning: heading of level 6 was transformed to <div role="heading" aria-level="7">, which is not supported by all assistive technology
   ┌─ \\?\C:\Users\ricky\Workspace-loc\Repos\Pers\doc_TypstTest\charged-ieee\TestingTypst.typ:53:0
   │
53 │ ====== header 6
   │ ^^^^^^^^^^^^^^^
   │
   = hint: HTML only supports <h1> to <h6>, not <h7>
   = hint: you may want to restructure your document so that it doesn't contain deep headings
watching TestingTypst.typ
writing to TestingTypst.html
serving at http://127.0.0.1:3008

[16:49:03] compiling ...
watching TestingTypst.typ
writing to TestingTypst.html
serving at http://127.0.0.1:3008

[16:49:03] compiled with warnings in 6.58 ms

warning: html export is under active development and incomplete
 = hint: its behaviour may change at any time
 = hint: do not rely on this feature for production use cases
 = hint: see https://github.com/typst/typst/issues/5512 for more information

warning: unknown font family: clicker script
   ┌─ \\?\C:\Users\ricky\Workspace-loc\Repos\Pers\doc_TypstTest\charged-ieee\TestingTypst.typ:15:16
   │
15 │ #set text(font: "Clicker Script")
   │                 ^^^^^^^^^^^^^^^^

warning: unknown font family: roboto
   ┌─ \\?\C:\Users\ricky\Workspace-loc\Repos\Pers\doc_TypstTest\charged-ieee\TestingTypst.typ:19:16
   │
19 │ #set text(font: "Roboto")
   │                 ^^^^^^^^

warning: unknown font family: clicker script
   ┌─ \\?\C:\Users\ricky\Workspace-loc\Repos\Pers\doc_TypstTest\charged-ieee\TestingTypst.typ:21:16
   │
21 │ #set text(font: "Clicker Script")
   │                 ^^^^^^^^^^^^^^^^

warning: unknown font family: roboto
   ┌─ \\?\C:\Users\ricky\Workspace-loc\Repos\Pers\doc_TypstTest\charged-ieee\TestingTypst.typ:24:16
   │
24 │ #set text(font: "Roboto")
   │                 ^^^^^^^^

warning: heading of level 6 was transformed to <div role="heading" aria-level="7">, which is not supported by all assistive technology
   ┌─ \\?\C:\Users\ricky\Workspace-loc\Repos\Pers\doc_TypstTest\charged-ieee\TestingTypst.typ:45:0
   │
45 │ ====== header 6
   │ ^^^^^^^^^^^^^^^
   │
   = hint: HTML only supports <h1> to <h6>, not <h7>
   = hint: you may want to restructure your document so that it doesn't contain deep headings

warning: heading of level 6 was transformed to <div role="heading" aria-level="7">, which is not supported by all assistive technology
   ┌─ \\?\C:\Users\ricky\Workspace-loc\Repos\Pers\doc_TypstTest\charged-ieee\TestingTypst.typ:53:0
   │
53 │ ====== header 6
   │ ^^^^^^^^^^^^^^^
   │
   = hint: HTML only supports <h1> to <h6>, not <h7>
   = hint: you may want to restructure your document so that it doesn't contain deep headings
watching TestingTypst.typ
writing to TestingTypst.html
serving at http://127.0.0.1:3008

[16:49:06] compiling ...
watching TestingTypst.typ
writing to TestingTypst.html
serving at http://127.0.0.1:3008

[16:49:06] compiled with warnings in 5.54 ms

warning: html export is under active development and incomplete
 = hint: its behaviour may change at any time
 = hint: do not rely on this feature for production use cases
 = hint: see https://github.com/typst/typst/issues/5512 for more information

warning: unknown font family: clicker script
   ┌─ \\?\C:\Users\ricky\Workspace-loc\Repos\Pers\doc_TypstTest\charged-ieee\TestingTypst.typ:15:16
   │
15 │ #set text(font: "Clicker Script")
   │                 ^^^^^^^^^^^^^^^^

warning: unknown font family: roboto
   ┌─ \\?\C:\Users\ricky\Workspace-loc\Repos\Pers\doc_TypstTest\charged-ieee\TestingTypst.typ:19:16
   │
19 │ #set text(font: "Roboto")
   │                 ^^^^^^^^

warning: unknown font family: clicker script
   ┌─ \\?\C:\Users\ricky\Workspace-loc\Repos\Pers\doc_TypstTest\charged-ieee\TestingTypst.typ:21:16
   │
21 │ #set text(font: "Clicker Script")
   │                 ^^^^^^^^^^^^^^^^

warning: unknown font family: roboto
   ┌─ \\?\C:\Users\ricky\Workspace-loc\Repos\Pers\doc_TypstTest\charged-ieee\TestingTypst.typ:24:16
   │
24 │ #set text(font: "Roboto")
   │                 ^^^^^^^^

warning: heading of level 6 was transformed to <div role="heading" aria-level="7">, which is not supported by all assistive technology
   ┌─ \\?\C:\Users\ricky\Workspace-loc\Repos\Pers\doc_TypstTest\charged-ieee\TestingTypst.typ:45:0
   │
45 │ ====== header 6
   │ ^^^^^^^^^^^^^^^
   │
   = hint: HTML only supports <h1> to <h6>, not <h7>
   = hint: you may want to restructure your document so that it doesn't contain deep headings

warning: heading of level 6 was transformed to <div role="heading" aria-level="7">, which is not supported by all assistive technology
   ┌─ \\?\C:\Users\ricky\Workspace-loc\Repos\Pers\doc_TypstTest\charged-ieee\TestingTypst.typ:53:0
   │
53 │ ====== header 6
   │ ^^^^^^^^^^^^^^^
   │
   = hint: HTML only supports <h1> to <h6>, not <h7>
   = hint: you may want to restructure your document so that it doesn't contain deep headings
watching TestingTypst.typ
writing to TestingTypst.html
serving at http://127.0.0.1:3008

[16:49:47] compiling ...
watching TestingTypst.typ
writing to TestingTypst.html
serving at http://127.0.0.1:3008

[16:49:47] compiled with warnings in 5.42 ms

warning: html export is under active development and incomplete
 = hint: its behaviour may change at any time
 = hint: do not rely on this feature for production use cases
 = hint: see https://github.com/typst/typst/issues/5512 for more information

warning: unknown font family: clicker script
   ┌─ \\?\C:\Users\ricky\Workspace-loc\Repos\Pers\doc_TypstTest\charged-ieee\TestingTypst.typ:15:16
   │
15 │ #set text(font: "Clicker Script")
   │                 ^^^^^^^^^^^^^^^^

warning: unknown font family: roboto
   ┌─ \\?\C:\Users\ricky\Workspace-loc\Repos\Pers\doc_TypstTest\charged-ieee\TestingTypst.typ:19:16
   │
19 │ #set text(font: "Roboto")
   │                 ^^^^^^^^

warning: unknown font family: clicker script
   ┌─ \\?\C:\Users\ricky\Workspace-loc\Repos\Pers\doc_TypstTest\charged-ieee\TestingTypst.typ:21:16
   │
21 │ #set text(font: "Clicker Script")
   │                 ^^^^^^^^^^^^^^^^

warning: unknown font family: roboto
   ┌─ \\?\C:\Users\ricky\Workspace-loc\Repos\Pers\doc_TypstTest\charged-ieee\TestingTypst.typ:24:16
   │
24 │ #set text(font: "Roboto")
   │                 ^^^^^^^^

warning: heading of level 6 was transformed to <div role="heading" aria-level="7">, which is not supported by all assistive technology
   ┌─ \\?\C:\Users\ricky\Workspace-loc\Repos\Pers\doc_TypstTest\charged-ieee\TestingTypst.typ:45:0
   │
45 │ ====== header 6
   │ ^^^^^^^^^^^^^^^
   │
   = hint: HTML only supports <h1> to <h6>, not <h7>
   = hint: you may want to restructure your document so that it doesn't contain deep headings

warning: heading of level 6 was transformed to <div role="heading" aria-level="7">, which is not supported by all assistive technology
   ┌─ \\?\C:\Users\ricky\Workspace-loc\Repos\Pers\doc_TypstTest\charged-ieee\TestingTypst.typ:53:0
   │
53 │ ====== header 6
   │ ^^^^^^^^^^^^^^^
   │
   = hint: HTML only supports <h1> to <h6>, not <h7>
   = hint: you may want to restructure your document so that it doesn't contain deep headings
watching TestingTypst.typ
writing to TestingTypst.html
serving at http://127.0.0.1:3008

[16:50:20] compiling ...
watching TestingTypst.typ
writing to TestingTypst.html
serving at http://127.0.0.1:3008

[16:50:20] compiled with warnings in 5.23 ms

warning: html export is under active development and incomplete
 = hint: its behaviour may change at any time
 = hint: do not rely on this feature for production use cases
 = hint: see https://github.com/typst/typst/issues/5512 for more information

warning: unknown font family: clicker script
   ┌─ \\?\C:\Users\ricky\Workspace-loc\Repos\Pers\doc_TypstTest\charged-ieee\TestingTypst.typ:15:16
   │
15 │ #set text(font: "Clicker Script")
   │                 ^^^^^^^^^^^^^^^^

warning: unknown font family: roboto
   ┌─ \\?\C:\Users\ricky\Workspace-loc\Repos\Pers\doc_TypstTest\charged-ieee\TestingTypst.typ:19:16
   │
19 │ #set text(font: "Roboto")
   │                 ^^^^^^^^

warning: unknown font family: clicker script
   ┌─ \\?\C:\Users\ricky\Workspace-loc\Repos\Pers\doc_TypstTest\charged-ieee\TestingTypst.typ:21:16
   │
21 │ #set text(font: "Clicker Script")
   │                 ^^^^^^^^^^^^^^^^

warning: unknown font family: roboto
   ┌─ \\?\C:\Users\ricky\Workspace-loc\Repos\Pers\doc_TypstTest\charged-ieee\TestingTypst.typ:24:16
   │
24 │ #set text(font: "Roboto")
   │                 ^^^^^^^^

warning: heading of level 6 was transformed to <div role="heading" aria-level="7">, which is not supported by all assistive technology
   ┌─ \\?\C:\Users\ricky\Workspace-loc\Repos\Pers\doc_TypstTest\charged-ieee\TestingTypst.typ:45:0
   │
45 │ ====== header 6
   │ ^^^^^^^^^^^^^^^
   │
   = hint: HTML only supports <h1> to <h6>, not <h7>
   = hint: you may want to restructure your document so that it doesn't contain deep headings

warning: heading of level 6 was transformed to <div role="heading" aria-level="7">, which is not supported by all assistive technology
   ┌─ \\?\C:\Users\ricky\Workspace-loc\Repos\Pers\doc_TypstTest\charged-ieee\TestingTypst.typ:53:0
   │
53 │ ====== header 6
   │ ^^^^^^^^^^^^^^^
   │
   = hint: HTML only supports <h1> to <h6>, not <h7>
   = hint: you may want to restructure your document so that it doesn't contain deep headings
watching TestingTypst.typ
writing to TestingTypst.html
serving at http://127.0.0.1:3008

[16:50:43] compiling ...
watching TestingTypst.typ
writing to TestingTypst.html
serving at http://127.0.0.1:3008

[16:50:43] compiled with warnings in 4.63 ms

warning: html export is under active development and incomplete
 = hint: its behaviour may change at any time
 = hint: do not rely on this feature for production use cases
 = hint: see https://github.com/typst/typst/issues/5512 for more information

warning: unknown font family: clicker script
   ┌─ \\?\C:\Users\ricky\Workspace-loc\Repos\Pers\doc_TypstTest\charged-ieee\TestingTypst.typ:15:16
   │
15 │ #set text(font: "Clicker Script")
   │                 ^^^^^^^^^^^^^^^^

warning: unknown font family: roboto
   ┌─ \\?\C:\Users\ricky\Workspace-loc\Repos\Pers\doc_TypstTest\charged-ieee\TestingTypst.typ:19:16
   │
19 │ #set text(font: "Roboto")
   │                 ^^^^^^^^

warning: unknown font family: clicker script
   ┌─ \\?\C:\Users\ricky\Workspace-loc\Repos\Pers\doc_TypstTest\charged-ieee\TestingTypst.typ:21:16
   │
21 │ #set text(font: "Clicker Script")
   │                 ^^^^^^^^^^^^^^^^

warning: unknown font family: roboto
   ┌─ \\?\C:\Users\ricky\Workspace-loc\Repos\Pers\doc_TypstTest\charged-ieee\TestingTypst.typ:24:16
   │
24 │ #set text(font: "Roboto")
   │                 ^^^^^^^^

warning: heading of level 6 was transformed to <div role="heading" aria-level="7">, which is not supported by all assistive technology
   ┌─ \\?\C:\Users\ricky\Workspace-loc\Repos\Pers\doc_TypstTest\charged-ieee\TestingTypst.typ:45:0
   │
45 │ ====== header 6
   │ ^^^^^^^^^^^^^^^
   │
   = hint: HTML only supports <h1> to <h6>, not <h7>
   = hint: you may want to restructure your document so that it doesn't contain deep headings
watching TestingTypst.typ
writing to TestingTypst.html
serving at http://127.0.0.1:3008

[16:50:49] compiling ...
watching TestingTypst.typ
writing to TestingTypst.html
serving at http://127.0.0.1:3008

[16:50:49] compiled with warnings in 4.47 ms

warning: html export is under active development and incomplete
 = hint: its behaviour may change at any time
 = hint: do not rely on this feature for production use cases
 = hint: see https://github.com/typst/typst/issues/5512 for more information

warning: unknown font family: clicker script
   ┌─ \\?\C:\Users\ricky\Workspace-loc\Repos\Pers\doc_TypstTest\charged-ieee\TestingTypst.typ:15:16
   │
15 │ #set text(font: "Clicker Script")
   │                 ^^^^^^^^^^^^^^^^

warning: unknown font family: roboto
   ┌─ \\?\C:\Users\ricky\Workspace-loc\Repos\Pers\doc_TypstTest\charged-ieee\TestingTypst.typ:19:16
   │
19 │ #set text(font: "Roboto")
   │                 ^^^^^^^^

warning: unknown font family: clicker script
   ┌─ \\?\C:\Users\ricky\Workspace-loc\Repos\Pers\doc_TypstTest\charged-ieee\TestingTypst.typ:21:16
   │
21 │ #set text(font: "Clicker Script")
   │                 ^^^^^^^^^^^^^^^^

warning: unknown font family: roboto
   ┌─ \\?\C:\Users\ricky\Workspace-loc\Repos\Pers\doc_TypstTest\charged-ieee\TestingTypst.typ:24:16
   │
24 │ #set text(font: "Roboto")
   │                 ^^^^^^^^
watching TestingTypst.typ
writing to TestingTypst.html
serving at http://127.0.0.1:3008

[16:51:16] compiling ...
watching TestingTypst.typ
writing to TestingTypst.html
serving at http://127.0.0.1:3008

[16:51:16] compiled with warnings in 7.94 ms

warning: html export is under active development and incomplete
 = hint: its behaviour may change at any time
 = hint: do not rely on this feature for production use cases
 = hint: see https://github.com/typst/typst/issues/5512 for more information

warning: unknown font family: clicker script
   ┌─ \\?\C:\Users\ricky\Workspace-loc\Repos\Pers\doc_TypstTest\charged-ieee\TestingTypst.typ:15:16
   │
15 │ #set text(font: "Clicker Script")
   │                 ^^^^^^^^^^^^^^^^

warning: unknown font family: roboto
   ┌─ \\?\C:\Users\ricky\Workspace-loc\Repos\Pers\doc_TypstTest\charged-ieee\TestingTypst.typ:19:16
   │
19 │ #set text(font: "Roboto")
   │                 ^^^^^^^^

warning: unknown font family: clicker script
   ┌─ \\?\C:\Users\ricky\Workspace-loc\Repos\Pers\doc_TypstTest\charged-ieee\TestingTypst.typ:21:16
   │
21 │ #set text(font: "Clicker Script")
   │                 ^^^^^^^^^^^^^^^^

warning: unknown font family: roboto
   ┌─ \\?\C:\Users\ricky\Workspace-loc\Repos\Pers\doc_TypstTest\charged-ieee\TestingTypst.typ:24:16
   │
24 │ #set text(font: "Roboto")
   │                 ^^^^^^^^
watching TestingTypst.typ
writing to TestingTypst.html
serving at http://127.0.0.1:3008

[16:51:28] compiling ...
watching TestingTypst.typ
writing to TestingTypst.html
serving at http://127.0.0.1:3008

[16:51:28] compiled with warnings in 3.74 ms

warning: html export is under active development and incomplete
 = hint: its behaviour may change at any time
 = hint: do not rely on this feature for production use cases
 = hint: see https://github.com/typst/typst/issues/5512 for more information

warning: unknown font family: clicker script
   ┌─ \\?\C:\Users\ricky\Workspace-loc\Repos\Pers\doc_TypstTest\charged-ieee\TestingTypst.typ:15:16
   │
15 │ #set text(font: "Clicker Script")
   │                 ^^^^^^^^^^^^^^^^

warning: unknown font family: roboto
   ┌─ \\?\C:\Users\ricky\Workspace-loc\Repos\Pers\doc_TypstTest\charged-ieee\TestingTypst.typ:19:16
   │
19 │ #set text(font: "Roboto")
   │                 ^^^^^^^^

warning: unknown font family: clicker script
   ┌─ \\?\C:\Users\ricky\Workspace-loc\Repos\Pers\doc_TypstTest\charged-ieee\TestingTypst.typ:21:16
   │
21 │ #set text(font: "Clicker Script")
   │                 ^^^^^^^^^^^^^^^^

warning: unknown font family: roboto
   ┌─ \\?\C:\Users\ricky\Workspace-loc\Repos\Pers\doc_TypstTest\charged-ieee\TestingTypst.typ:24:16
   │
24 │ #set text(font: "Roboto")
   │                 ^^^^^^^^
watching TestingTypst.typ
writing to TestingTypst.html
serving at http://127.0.0.1:3008

[16:51:33] compiling ...
watching TestingTypst.typ
writing to TestingTypst.html
serving at http://127.0.0.1:3008

[16:51:33] compiled with warnings in 3.83 ms

warning: html export is under active development and incomplete
 = hint: its behaviour may change at any time
 = hint: do not rely on this feature for production use cases
 = hint: see https://github.com/typst/typst/issues/5512 for more information

warning: unknown font family: clicker script
   ┌─ \\?\C:\Users\ricky\Workspace-loc\Repos\Pers\doc_TypstTest\charged-ieee\TestingTypst.typ:15:16
   │
15 │ #set text(font: "Clicker Script")
   │                 ^^^^^^^^^^^^^^^^

warning: unknown font family: roboto
   ┌─ \\?\C:\Users\ricky\Workspace-loc\Repos\Pers\doc_TypstTest\charged-ieee\TestingTypst.typ:19:16
   │
19 │ #set text(font: "Roboto")
   │                 ^^^^^^^^

warning: unknown font family: clicker script
   ┌─ \\?\C:\Users\ricky\Workspace-loc\Repos\Pers\doc_TypstTest\charged-ieee\TestingTypst.typ:21:16
   │
21 │ #set text(font: "Clicker Script")
   │                 ^^^^^^^^^^^^^^^^

warning: unknown font family: roboto
   ┌─ \\?\C:\Users\ricky\Workspace-loc\Repos\Pers\doc_TypstTest\charged-ieee\TestingTypst.typ:24:16
   │
24 │ #set text(font: "Roboto")
   │                 ^^^^^^^^
watching TestingTypst.typ
writing to TestingTypst.html
serving at http://127.0.0.1:3008

[16:51:34] compiling ...
watching TestingTypst.typ
writing to TestingTypst.html
serving at http://127.0.0.1:3008

[16:51:34] compiled with warnings in 3.51 ms

warning: html export is under active development and incomplete
 = hint: its behaviour may change at any time
 = hint: do not rely on this feature for production use cases
 = hint: see https://github.com/typst/typst/issues/5512 for more information

warning: unknown font family: clicker script
   ┌─ \\?\C:\Users\ricky\Workspace-loc\Repos\Pers\doc_TypstTest\charged-ieee\TestingTypst.typ:15:16
   │
15 │ #set text(font: "Clicker Script")
   │                 ^^^^^^^^^^^^^^^^

warning: unknown font family: roboto
   ┌─ \\?\C:\Users\ricky\Workspace-loc\Repos\Pers\doc_TypstTest\charged-ieee\TestingTypst.typ:19:16
   │
19 │ #set text(font: "Roboto")
   │                 ^^^^^^^^

warning: unknown font family: clicker script
   ┌─ \\?\C:\Users\ricky\Workspace-loc\Repos\Pers\doc_TypstTest\charged-ieee\TestingTypst.typ:21:16
   │
21 │ #set text(font: "Clicker Script")
   │                 ^^^^^^^^^^^^^^^^

warning: unknown font family: roboto
   ┌─ \\?\C:\Users\ricky\Workspace-loc\Repos\Pers\doc_TypstTest\charged-ieee\TestingTypst.typ:24:16
   │
24 │ #set text(font: "Roboto")
   │                 ^^^^^^^^
watching TestingTypst.typ
writing to TestingTypst.html
serving at http://127.0.0.1:3008

[16:51:35] compiling ...
watching TestingTypst.typ
writing to TestingTypst.html
serving at http://127.0.0.1:3008

[16:51:35] compiled with warnings in 3.58 ms

warning: html export is under active development and incomplete
 = hint: its behaviour may change at any time
 = hint: do not rely on this feature for production use cases
 = hint: see https://github.com/typst/typst/issues/5512 for more information

warning: unknown font family: clicker script
   ┌─ \\?\C:\Users\ricky\Workspace-loc\Repos\Pers\doc_TypstTest\charged-ieee\TestingTypst.typ:15:16
   │
15 │ #set text(font: "Clicker Script")
   │                 ^^^^^^^^^^^^^^^^

warning: unknown font family: roboto
   ┌─ \\?\C:\Users\ricky\Workspace-loc\Repos\Pers\doc_TypstTest\charged-ieee\TestingTypst.typ:19:16
   │
19 │ #set text(font: "Roboto")
   │                 ^^^^^^^^

warning: unknown font family: clicker script
   ┌─ \\?\C:\Users\ricky\Workspace-loc\Repos\Pers\doc_TypstTest\charged-ieee\TestingTypst.typ:21:16
   │
21 │ #set text(font: "Clicker Script")
   │                 ^^^^^^^^^^^^^^^^

warning: unknown font family: roboto
   ┌─ \\?\C:\Users\ricky\Workspace-loc\Repos\Pers\doc_TypstTest\charged-ieee\TestingTypst.typ:24:16
   │
24 │ #set text(font: "Roboto")
   │                 ^^^^^^^^

^C
C:\Users\ricky\Workspace-loc\Repos\Pers\doc_TypstTest\charged-ieee>typst compile main.typ  --feature

C:\Users\ricky\Workspace-loc\Repos\Pers\doc_TypstTest\charged-ieee>typst compile main.ty --features html -f html
                                                                                                               error: input file not found (searched at main.ty)

C:\Users\ricky\Workspace-loc\Repos\Pers\doc_TypstTest\charged-ieee>typst compile main.typ --features html -f htm
l
warning: html export is under active development and incomplete
 = hint: its behaviour may change at any time
 = hint: do not rely on this feature for production use cases
 = hint: see https://github.com/typst/typst/issues/5512 for more information

warning: unknown font family: tex gyre termes
   ┌─ @preview/charged-ieee:0.1.3\lib.typ:37:17
   │
37 │   set text(font: "TeX Gyre Termes", size: 10pt, spacing: .35em)
   │                  ^^^^^^^^^^^^^^^^^

warning: unknown font family: tex gyre cursor
   ┌─ @preview/charged-ieee:0.1.3\lib.typ:68:27
   │
68 │   show raw: set text(font: "TeX Gyre Cursor", ligatures: false, size: 1em / 0.8)
   │                            ^^^^^^^^^^^^^^^^^

error: page configuration is not allowed inside of containers
   ┌─ @preview/charged-ieee:0.1.3\lib.typ:72:2
   │
72 │ ╭   set page(
73 │ │     columns: 2,
74 │ │     paper: paper-size,
75 │ │     // The margins depend on the paper size.
   · │
84 │ │     }
85 │ │   )
   │ ╰───^


C:\Users\ricky\Workspace-loc\Repos\Pers\doc_TypstTest\charged-ieee>typst compile main.typ
warning: unknown font family: tex gyre termes
   ┌─ @preview/charged-ieee:0.1.3\lib.typ:37:17
   │
37 │   set text(font: "TeX Gyre Termes", size: 10pt, spacing: .35em)
   │                  ^^^^^^^^^^^^^^^^^

warning: unknown font family: tex gyre cursor
   ┌─ @preview/charged-ieee:0.1.3\lib.typ:68:27
   │
68 │   show raw: set text(font: "TeX Gyre Cursor", ligatures: false, size: 1em / 0.8)
   │                            ^^^^^^^^^^^^^^^^^


C:\Users\ricky\Workspace-loc\Repos\Pers\doc_TypstTest\charged-ieee>typst compile help
error: input file not found (searched at help)

C:\Users\ricky\Workspace-loc\Repos\Pers\doc_TypstTest\charged-ieee>typst help compile
Compiles an input file into a supported output format

Usage: typst compile [OPTIONS] <INPUT> [OUTPUT]

Arguments:
  <INPUT>
          Path to input Typst file. Use `-` to read input from stdin

  [OUTPUT]
          Path to output file (PDF, PNG, SVG, or HTML). Use `-` to write output
          to stdout.

          For output formats emitting one file per page (PNG & SVG), a page
          number template must be present if the source document renders to
          multiple pages. Use `{p}` for page numbers, `{0p}` for zero padded
          page numbers and `{t}` for page count. For example,
          `page-{0p}-of-{t}.png` creates `page-01-of-10.png`,
          `page-02-of-10.png`, and so on.

Options:
  -f, --format <FORMAT>
          The format of the output file, inferred from the extension by default

          [possible values: pdf, png, svg, html]

      --root <DIR>
          Configures the project root (for absolute paths)

          [env: TYPST_ROOT=]

      --input <key=value>
          Add a string key-value pair visible through `sys.inputs`

      --font-path <DIR>
          Adds additional directories that are recursively searched for fonts.

          If multiple paths are specified, they are separated by the system's
          path separator (`:` on Unix-like systems and `;` on Windows).

          [env: TYPST_FONT_PATHS=]

      --ignore-system-fonts
          Ensures system fonts won't be searched, unless explicitly included via
          `--font-path`

      --package-path <DIR>
          Custom path to local packages, defaults to system-dependent location

          [env: TYPST_PACKAGE_PATH=]

      --package-cache-path <DIR>
          Custom path to package cache, defaults to system-dependent location

          [env: TYPST_PACKAGE_CACHE_PATH=]

      --creation-timestamp <UNIX_TIMESTAMP>
          The document's creation date formatted as a UNIX timestamp.

          For more information, see
          <https://reproducible-builds.org/specs/source-date-epoch/>.

          [env: SOURCE_DATE_EPOCH=]

      --pages <PAGES>
          Which pages to export. When unspecified, all pages are exported.

          Pages to export are separated by commas, and can be either simple page
          numbers (e.g. '2,5' to export only pages 2 and 5) or page ranges (e.g.
          '2,3-6,8-' to export page 2, pages 3 to 6 (inclusive), page 8 and any
          pages after it).

          Page numbers are one-indexed and correspond to physical page numbers
          in the document (therefore not being affected by the document's page
          counter).

      --pdf-standard <PDF_STANDARD>
          One (or multiple comma-separated) PDF standards that Typst will
          enforce conformance with

          Possible values:
          - 1.7:  PDF 1.7
          - a-2b: PDF/A-2b
          - a-3b: PDF/A-3b

      --ppi <PPI>
          The PPI (pixels per inch) to use for PNG export

          [default: 144]

      --make-deps <PATH>
          File path to which a Makefile with the current compilation's
          dependencies will be written

  -j, --jobs <JOBS>
          Number of parallel jobs spawned during compilation. Defaults to number
          of CPUs. Setting it to 1 disables parallelism

      --features <FEATURES>
          Enables in-development features that may be changed or removed at any
          time

          [env: TYPST_FEATURES=]
          [possible values: html]

      --diagnostic-format <DIAGNOSTIC_FORMAT>
          The format to emit diagnostics in

          [default: human]
          [possible values: human, short]

      --open [<VIEWER>]
          Opens the output file with the default viewer or a specific program
          after compilation. Ignored if output is stdout

      --timings [<OUTPUT_JSON>]
          Produces performance timings of the compilation process.
          (experimental)

          The resulting JSON file can be loaded into a tracing tool such as
          https://ui.perfetto.dev. It does not contain any sensitive information
          apart from file names and line numbers.

  -h, --help
          Print help (see a summary with '-h')

C:\Users\ricky\Workspace-loc\Repos\Pers\doc_TypstTest\charged-ieee>
